make infra-plan
aws-vault exec readyplayerone -- terraform -chdir=terraform plan -detailed-exitcode -out=tfplan || { code=$?; [ $code -eq 2 ] || exit $code; }
data.archive_file.lambda: Reading...
module.lambda.data.archive_file.lambda[0]: Reading...
data.aws_caller_identity.current: Reading...
data.aws_region.current: Reading...
data.aws_region.current: Read complete after 0s [id=us-east-1]
data.aws_caller_identity.current: Read complete after 0s [id=009765408548]

Terraform used the selected providers to generate the following execution plan. Resource actions are indicated with
the following symbols:
  + create

Terraform planned the following actions, but then encountered a problem:

  # module.ingest_bucket.aws_s3_bucket.this will be created
  + resource "aws_s3_bucket" "this" {
      + acceleration_status         = (known after apply)
      + acl                         = (known after apply)
      + arn                         = (known after apply)
      + bucket                      = (known after apply)
      + bucket_domain_name          = (known after apply)
      + bucket_prefix               = (known after apply)
      + bucket_region               = (known after apply)
      + bucket_regional_domain_name = (known after apply)
      + force_destroy               = false
      + hosted_zone_id              = (known after apply)
      + id                          = (known after apply)
      + object_lock_enabled         = (known after apply)
      + policy                      = (known after apply)
      + region                      = "us-east-1"
      + request_payer               = (known after apply)
      + tags                        = {
          + "Environment" = "dev"
          + "Owner"       = "Marvin"
          + "Project"     = "marvin-stack"
          + "Registry"    = "true"
          + "module"      = "s3"
          + "name"        = "ingest"
        }
      + tags_all                    = {
          + "Environment" = "dev"
          + "Owner"       = "Marvin"
          + "Project"     = "marvin-stack"
          + "Registry"    = "true"
          + "module"      = "s3"
          + "name"        = "ingest"
        }
      + website_domain              = (known after apply)
      + website_endpoint            = (known after apply)

      + cors_rule (known after apply)

      + grant (known after apply)

      + lifecycle_rule (known after apply)

      + logging (known after apply)

      + object_lock_configuration (known after apply)

      + replication_configuration (known after apply)

      + server_side_encryption_configuration (known after apply)

      + versioning (known after apply)

      + website (known after apply)
    }

  # module.ingest_bucket.aws_s3_bucket_ownership_controls.this will be created
  + resource "aws_s3_bucket_ownership_controls" "this" {
      + bucket = (known after apply)
      + id     = (known after apply)
      + region = "us-east-1"

      + rule {
          + object_ownership = "BucketOwnerEnforced"
        }
    }

  # module.ingest_bucket.random_id.suffix will be created
  + resource "random_id" "suffix" {
      + b64_std     = (known after apply)
      + b64_url     = (known after apply)
      + byte_length = 4
      + dec         = (known after apply)
      + hex         = (known after apply)
      + id          = (known after apply)
    }

  # module.lambda.aws_cloudwatch_log_group.lambda_logs will be created
  + resource "aws_cloudwatch_log_group" "lambda_logs" {
      + arn               = (known after apply)
      + id                = (known after apply)
      + log_group_class   = (known after apply)
      + name              = "/aws/lambda/data-pipeline-lambda-function"
      + name_prefix       = (known after apply)
      + region            = "us-east-1"
      + retention_in_days = 3
      + skip_destroy      = false
      + tags              = {
          + "Environment" = "dev"
          + "Owner"       = "Marvin"
          + "Project"     = "marvin-stack"
          + "Registry"    = "true"
          + "module"      = "lambda"
        }
      + tags_all          = {
          + "Environment" = "dev"
          + "Owner"       = "Marvin"
          + "Project"     = "marvin-stack"
          + "Registry"    = "true"
          + "module"      = "lambda"
        }
    }

  # module.lambda.aws_iam_policy.lambda_policy[0] will be created
  + resource "aws_iam_policy" "lambda_policy" {
      + arn              = (known after apply)
      + attachment_count = (known after apply)
      + id               = (known after apply)
      + name             = "data-pipeline-lambda-function-policy"
      + name_prefix      = (known after apply)
      + path             = "/"
      + policy           = (known after apply)
      + policy_id        = (known after apply)
      + tags             = {
          + "Environment" = "dev"
          + "Owner"       = "Marvin"
          + "Project"     = "marvin-stack"
          + "Registry"    = "true"
          + "module"      = "lambda"
        }
      + tags_all         = {
          + "Environment" = "dev"
          + "Owner"       = "Marvin"
          + "Project"     = "marvin-stack"
          + "Registry"    = "true"
          + "module"      = "lambda"
        }
    }

  # module.lambda.aws_iam_role.lambda_role[0] will be created
  + resource "aws_iam_role" "lambda_role" {
      + arn                   = (known after apply)
      + assume_role_policy    = jsonencode(
            {
              + Statement = [
                  + {
                      + Action    = "sts:AssumeRole"
                      + Effect    = "Allow"
                      + Principal = {
                          + Service = "lambda.amazonaws.com"
                        }
                    },
                ]
              + Version   = "2012-10-17"
            }
        )
      + create_date           = (known after apply)
      + force_detach_policies = false
      + id                    = (known after apply)
      + managed_policy_arns   = (known after apply)
      + max_session_duration  = 3600
      + name                  = "data-pipeline-lambda-function-role"
      + name_prefix           = (known after apply)
      + path                  = "/"
      + tags                  = {
          + "Environment" = "dev"
          + "Owner"       = "Marvin"
          + "Project"     = "marvin-stack"
          + "Registry"    = "true"
          + "module"      = "lambda"
        }
      + tags_all              = {
          + "Environment" = "dev"
          + "Owner"       = "Marvin"
          + "Project"     = "marvin-stack"
          + "Registry"    = "true"
          + "module"      = "lambda"
        }
      + unique_id             = (known after apply)

      + inline_policy (known after apply)
    }

  # module.lambda.aws_iam_role_policy_attachment.lambda_attach[0] will be created
  + resource "aws_iam_role_policy_attachment" "lambda_attach" {
      + id         = (known after apply)
      + policy_arn = (known after apply)
      + role       = "data-pipeline-lambda-function-role"
    }

  # module.processed_bucket.aws_s3_bucket.this will be created
  + resource "aws_s3_bucket" "this" {
      + acceleration_status         = (known after apply)
      + acl                         = (known after apply)
      + arn                         = (known after apply)
      + bucket                      = (known after apply)
      + bucket_domain_name          = (known after apply)
      + bucket_prefix               = (known after apply)
      + bucket_region               = (known after apply)
      + bucket_regional_domain_name = (known after apply)
      + force_destroy               = false
      + hosted_zone_id              = (known after apply)
      + id                          = (known after apply)
      + object_lock_enabled         = (known after apply)
      + policy                      = (known after apply)
      + region                      = "us-east-1"
      + request_payer               = (known after apply)
      + tags                        = {
          + "Environment" = "dev"
          + "Owner"       = "Marvin"
          + "Project"     = "marvin-stack"
          + "Registry"    = "true"
          + "module"      = "s3"
          + "name"        = "processed"
        }
      + tags_all                    = {
          + "Environment" = "dev"
          + "Owner"       = "Marvin"
          + "Project"     = "marvin-stack"
          + "Registry"    = "true"
          + "module"      = "s3"
          + "name"        = "processed"
        }
      + website_domain              = (known after apply)
      + website_endpoint            = (known after apply)

      + cors_rule (known after apply)

      + grant (known after apply)

      + lifecycle_rule (known after apply)

      + logging (known after apply)

      + object_lock_configuration (known after apply)

      + replication_configuration (known after apply)

      + server_side_encryption_configuration (known after apply)

      + versioning (known after apply)

      + website (known after apply)
    }

  # module.processed_bucket.aws_s3_bucket_ownership_controls.this will be created
  + resource "aws_s3_bucket_ownership_controls" "this" {
      + bucket = (known after apply)
      + id     = (known after apply)
      + region = "us-east-1"

      + rule {
          + object_ownership = "BucketOwnerEnforced"
        }
    }

  # module.processed_bucket.random_id.suffix will be created
  + resource "random_id" "suffix" {
      + b64_std     = (known after apply)
      + b64_url     = (known after apply)
      + byte_length = 4
      + dec         = (known after apply)
      + hex         = (known after apply)
      + id          = (known after apply)
    }

Plan: 10 to add, 0 to change, 0 to destroy.

Changes to Outputs:
  + ingest_bucket_arn     = (known after apply)
  + ingest_bucket_name    = (known after apply)
  + lambda_role_arn       = (known after apply)
  + log_group_name        = "/aws/lambda/data-pipeline-lambda-function"
  + processed_bucket_arn  = (known after apply)
  + processed_bucket_name = (known after apply)
╷
│ Error: Archive creation error
│
│   with data.archive_file.lambda,
│   on main.tf line 7, in data "archive_file" "lambda":
│    7: data "archive_file" "lambda" {
│
│ error creating archive: error archiving file: could not archive missing file: ./lambda/index.py
╵
╷
│ Error: Archive creation error
│
│   with module.lambda.data.archive_file.lambda[0],
│   on .terraform\modules\lambda\main.tf line 45, in data "archive_file" "lambda":
│   45: data "archive_file" "lambda" {
│
│ error creating archive: error archiving file: could not archive missing file: ./lambda/index.py
╵
aws-vault: error: exec: Failed to wait for command termination: exit status 1
'{' is not recognized as an internal or external command,
operable program or batch file.
make: *** [Makefile:9: infra-plan] Error 1